
--- Testing Python Language Lock ---
Reply received.
python : Traceback 
(most recent call 
last):
At line:1 char:1
+ python 
test_chat_upgrade.py 
> test_output.txt 
2>&1
+ ~~~~~~~~~~~~~~~~~~~
~~~~~~~~~~~~~~~~~~~~~
~~~~~~~~~~
    + CategoryInfo   
           : NotSpe  
  cified: (Traceba   
 ck (most recent     
call last)::Stri    
ng) [], RemoteEx    
ception
    + FullyQualified 
   ErrorId : Native  
  CommandError
 
  File 
"C:\Users\Mahesh Babu
\.gemini\antigravity\
scratch\AI-Code-Revie
w-Agent\backend\test_
chat_upgrade.py", 
line 71, in <module>
    test_language_loc
k_python()
    ~~~~~~~~~~~~~~~~~
~~~~~~~~^^
  File 
"C:\Users\Mahesh Babu
\.gemini\antigravity\
scratch\AI-Code-Revie
w-Agent\backend\test_
chat_upgrade.py", 
line 19, in test_lang
uage_lock_python
    print("\u2705 
Python syntax 
detected.")
    ~~~~~^^^^^^^^^^^^
^^^^^^^^^^^^^^^^^^
  File "C:\Python313\
Lib\encodings\cp1252.
py", line 19, in 
encode
    return codecs.cha
rmap_encode(input,sel
f.errors,encoding_tab
le)[0]
           ~~~~~~~~~~
~~~~~~~~~~~^^^^^^^^^^
^^^^^^^^^^^^^^^^^^^^^
^^^
UnicodeEncodeError: 
'charmap' codec 
can't encode 
character '\u2705' 
in position 0: 
character maps to 
<undefined>
